C51 COMPILER V9.59.0.0   12864                                                             02/27/2023 11:27:36 PAGE 1   


C51 COMPILER V9.59.0.0, COMPILATION OF MODULE 12864
OBJECT MODULE PLACED IN .\Objects\12864.obj
COMPILER INVOKED BY: C:\Keil_v5\C51\BIN\C51.EXE 12864.c OPTIMIZE(8,SPEED) BROWSE DEBUG OBJECTEXTEND PRINT(.\Listings\128
                    -64.lst) TABS(2) OBJECT(.\Objects\12864.obj)

line level    source

   1          #include "12864.h"
   2          
   3          /********************************************************************
   4          功    能：定义字库：Hzk-汉字库，Szk-数字库，Fhk-符号库，Zmk-字母库
   5          参    数：无
   6          返回值  ：无
   7          使用方法：根据需要自备
   8          *********************************************************************/
   9          uchar code Hzk[]={
  10          /*--  文字:  密  --*/
  11          /*--  宋体12;  此字体下对应的点阵为：宽x高=16x16   --*/
  12          0x10,0x8C,0x44,0x04,0xE4,0x04,0x95,0xA6,0x44,0x24,0x14,0x84,0x44,0x94,0x0C,0x00,
  13          0x02,0x02,0x7A,0x41,0x41,0x43,0x42,0x7E,0x42,0x42,0x42,0x43,0xF8,0x00,0x00,0x00,
  14          
  15          /*--  文字:  码  --*/
  16          /*--  宋体12;  此字体下对应的点阵为：宽x高=16x16   --*/
  17          0x04,0x84,0xE4,0x5C,0x44,0xC4,0x00,0x02,0xF2,0x82,0x82,0x82,0xFE,0x80,0x80,0x00,
  18          0x02,0x01,0x7F,0x10,0x10,0x3F,0x00,0x08,0x08,0x08,0x08,0x48,0x88,0x40,0x3F,0x00,
  19          
  20          /*--  文字:  箱  --*/
  21          /*--  宋体12;  此字体下对应的点阵为：宽x高=16x16   --*/
  22          0x20,0x90,0x8C,0x87,0xEC,0x94,0x84,0x14,0xC8,0x47,0x44,0x4C,0x54,0xC4,0x04,0x00,
  23          0x40,0x20,0x18,0x06,0xFF,0x04,0x18,0x00,0xFF,0x92,0x92,0x92,0x92,0xFF,0x00,0x00,
  24          
  25          /*--  文字:  已  --*/
  26          /*--  宋体12;  此字体下对应的点阵为：宽x高=16x16   --*/
  27          0x00,0x00,0xE2,0x82,0x82,0x82,0x82,0x82,0x82,0x82,0x82,0xFE,0x00,0x00,0x00,0x00,
  28          0x00,0x00,0x3F,0x40,0x40,0x40,0x40,0x40,0x40,0x40,0x40,0x40,0x40,0x78,0x00,0x00,
  29          
  30          /*--  文字:  打  --*/
  31          /*--  宋体12;  此字体下对应的点阵为：宽x高=16x16   --*/
  32          0x10,0x10,0x10,0xFF,0x10,0x90,0x04,0x04,0x04,0x04,0xFC,0x04,0x04,0x04,0x04,0x00,
  33          0x04,0x44,0x82,0x7F,0x01,0x00,0x00,0x00,0x40,0x80,0x7F,0x00,0x00,0x00,0x00,0x00,
  34          
  35          /*--  文字:  开  --*/
  36          /*--  宋体12;  此字体下对应的点阵为：宽x高=16x16   --*/
  37          0x80,0x82,0x82,0x82,0xFE,0x82,0x82,0x82,0x82,0x82,0xFE,0x82,0x82,0x82,0x80,0x00,
  38          0x00,0x80,0x40,0x30,0x0F,0x00,0x00,0x00,0x00,0x00,0xFF,0x00,0x00,0x00,0x00,0x00,
  39          
  40          /*--  文字:  锁  --*/
  41          /*--  宋体12;  此字体下对应的点阵为：宽x高=16x16   --*/
  42          0x20,0x10,0x2C,0xE7,0x24,0x24,0x00,0xE2,0x2C,0x20,0xBF,0x20,0x28,0xE6,0x00,0x00,
  43          0x01,0x01,0x01,0x7F,0x21,0x11,0x80,0x4F,0x20,0x10,0x0F,0x10,0x20,0x4F,0x80,0x00,
  44          
  45          /*--  文字:  死  --*/
  46          /*--  宋体12;  此字体下对应的点阵为：宽x高=16x16   --*/
  47          0x02,0x02,0xC2,0x3E,0x22,0x22,0xE2,0x02,0xFE,0x02,0x82,0x42,0x22,0x12,0x00,0x00,
  48          0x02,0x81,0x40,0x21,0x1A,0x06,0x01,0x00,0x3F,0x41,0x40,0x40,0x40,0x78,0x00,0x00,
  49          
  50          /*--  文字:  确  --*/
  51          /*--  宋体12;  此字体下对应的点阵为：宽x高=16x16   --*/
  52          0x04,0x84,0xE4,0x5C,0x44,0xC4,0x20,0x10,0xE8,0x27,0x24,0xE4,0x34,0x2C,0xE0,0x00,
  53          0x02,0x01,0x7F,0x10,0x10,0x3F,0x80,0x60,0x1F,0x09,0x09,0x3F,0x49,0x89,0x7F,0x00,
  54          
C51 COMPILER V9.59.0.0   12864                                                             02/27/2023 11:27:36 PAGE 2   

  55          /*--  文字:  定  --*/
  56          /*--  宋体12;  此字体下对应的点阵为：宽x高=16x16   --*/
  57          0x10,0x0C,0x44,0x44,0x44,0x44,0x45,0xC6,0x44,0x44,0x44,0x44,0x44,0x14,0x0C,0x00,
  58          0x80,0x40,0x20,0x1E,0x20,0x40,0x40,0x7F,0x44,0x44,0x44,0x44,0x44,0x40,0x40,0x00,
  59          
  60          /*--  文字:  取  --*/
  61          /*--  宋体12;  此字体下对应的点阵为：宽x高=16x16   --*/
  62          0x02,0x02,0xFE,0x92,0x92,0x92,0xFE,0x02,0x06,0xFC,0x04,0x04,0x04,0xFC,0x00,0x00,
  63          0x08,0x18,0x0F,0x08,0x08,0x04,0xFF,0x04,0x84,0x40,0x27,0x18,0x27,0x40,0x80,0x00,
  64          
  65          /*--  文字:  消  --*/
  66          /*--  宋体12;  此字体下对应的点阵为：宽x高=16x16   --*/
  67          0x10,0x60,0x02,0x0C,0xC0,0x00,0xE2,0x2C,0x20,0x3F,0x20,0x28,0xE6,0x00,0x00,0x00,
  68          0x04,0x04,0x7C,0x03,0x00,0x00,0xFF,0x09,0x09,0x09,0x49,0x89,0x7F,0x00,0x00,0x00,
  69          
  70          /*--  文字:  错  --*/
  71          /*--  宋体12;  此字体下对应的点阵为：宽x高=16x16   --*/
  72          0x40,0x30,0xEF,0x24,0x64,0x48,0x48,0x7F,0x48,0x48,0x48,0x7F,0x48,0x48,0x40,0x00,
  73          0x01,0x01,0x7F,0x21,0x11,0x00,0xFF,0x49,0x49,0x49,0x49,0x49,0xFF,0x00,0x00,0x00,
  74          
  75          /*--  文字:  误  --*/
  76          /*--  宋体12;  此字体下对应的点阵为：宽x高=16x16   --*/
  77          0x40,0x42,0xCC,0x00,0x00,0x80,0x9E,0x92,0x92,0x92,0x92,0x92,0x9E,0x80,0x00,0x00,
  78          0x00,0x00,0x7F,0x20,0x94,0x84,0x44,0x24,0x14,0x0F,0x14,0x24,0x44,0x84,0x84,0x00,
  79          
  80          /*--  文字:  警  --*/
  81          /*--  宋体12;  此字体下对应的点阵为：宽x高=16x16   --*/
  82          0x12,0xEA,0xAF,0xAA,0xEA,0x0F,0xFA,0x02,0x88,0x8C,0x57,0x24,0x54,0x8C,0x84,0x00,
  83          0x02,0x02,0xEA,0xAA,0xAA,0xAB,0xAA,0xAB,0xAA,0xAA,0xAA,0xAA,0xEA,0x02,0x02,0x00,
  84          
  85          /*--  文字:  报  --*/
  86          /*--  宋体12;  此字体下对应的点阵为：宽x高=16x16   --*/
  87          0x10,0x10,0x10,0xFF,0x10,0x90,0x00,0xFE,0x82,0x82,0x82,0x92,0xA2,0x9E,0x00,0x00,
  88          0x04,0x44,0x82,0x7F,0x01,0x00,0x00,0xFF,0x80,0x43,0x2C,0x10,0x2C,0x43,0x80,0x00,
  89          
  90          /*--  文字:  ℃  --*/
  91          /*--  宋体12;  此字体下对应的点阵为：宽x高=16x16   --*/
  92          0x06,0x09,0x09,0xE6,0xF8,0x0C,0x04,0x02,0x02,0x02,0x02,0x02,0x04,0x1E,0x00,0x00,
  93          0x00,0x00,0x00,0x07,0x1F,0x30,0x20,0x40,0x40,0x40,0x40,0x40,0x20,0x10,0x00,0x00,
  94          };
  95          uchar code Szk[]={
  96          /*--  文字:  0  --*/
  97          /*--  宋体12;  此字体下对应的点阵为：宽x高=8x16   --*/
  98          0x00,0xE0,0x10,0x08,0x08,0x10,0xE0,0x00,0x00,0x0F,0x10,0x20,0x20,0x10,0x0F,0x00,
  99          
 100          /*--  文字:  1  --*/
 101          /*--  宋体12;  此字体下对应的点阵为：宽x高=8x16   --*/
 102          0x00,0x00,0x10,0x10,0xF8,0x00,0x00,0x00,0x00,0x00,0x20,0x20,0x3F,0x20,0x20,0x00,
 103          
 104          /*--  文字:  2  --*/
 105          /*--  宋体12;  此字体下对应的点阵为：宽x高=8x16   --*/
 106          0x00,0x70,0x08,0x08,0x08,0x08,0xF0,0x00,0x00,0x30,0x28,0x24,0x22,0x21,0x30,0x00,
 107          
 108          /*--  文字:  3  --*/
 109          /*--  宋体12;  此字体下对应的点阵为：宽x高=8x16   --*/
 110          0x00,0x30,0x08,0x08,0x08,0x88,0x70,0x00,0x00,0x18,0x20,0x21,0x21,0x22,0x1C,0x00,
 111          
 112          /*--  文字:  4  --*/
 113          /*--  宋体12;  此字体下对应的点阵为：宽x高=8x16   --*/
 114          0x00,0x00,0x80,0x40,0x30,0xF8,0x00,0x00,0x00,0x06,0x05,0x24,0x24,0x3F,0x24,0x24,
 115          
 116          /*--  文字:  5  --*/
C51 COMPILER V9.59.0.0   12864                                                             02/27/2023 11:27:36 PAGE 3   

 117          /*--  宋体12;  此字体下对应的点阵为：宽x高=8x16   --*/
 118          0x00,0xF8,0x88,0x88,0x88,0x08,0x08,0x00,0x00,0x19,0x20,0x20,0x20,0x11,0x0E,0x00,
 119          
 120          /*--  文字:  6  --*/
 121          /*--  宋体12;  此字体下对应的点阵为：宽x高=8x16   --*/
 122          0x00,0xE0,0x10,0x88,0x88,0x90,0x00,0x00,0x00,0x0F,0x11,0x20,0x20,0x20,0x1F,0x00,
 123          
 124          /*--  文字:  7  --*/
 125          /*--  宋体12;  此字体下对应的点阵为：宽x高=8x16   --*/
 126          0x00,0x18,0x08,0x08,0x88,0x68,0x18,0x00,0x00,0x00,0x00,0x3E,0x01,0x00,0x00,0x00,
 127          
 128          /*--  文字:  8  --*/
 129          /*--  宋体12;  此字体下对应的点阵为：宽x高=8x16   --*/
 130          0x00,0x70,0x88,0x08,0x08,0x88,0x70,0x00,0x00,0x1C,0x22,0x21,0x21,0x22,0x1C,0x00,
 131          
 132          /*--  文字:  9  --*/
 133          /*--  宋体12;  此字体下对应的点阵为：宽x高=8x16   --*/
 134          0x00,0xF0,0x08,0x08,0x08,0x10,0xE0,0x00,0x00,0x01,0x12,0x22,0x22,0x11,0x0F,0x00,
 135          
 136          /*--  文字:  -  --*/
 137          /*--  宋体12;  此字体下对应的点阵为：宽x高=8x16   --*/
 138          0x00,0x00,0x00,0x00,0x00,0x00,0x00,0x00,0x00,0x01,0x01,0x01,0x01,0x01,0x01,0x00,
 139          };
 140          
 141          uchar code Fhk[]={
 142          /*--  文字:  +  --*/
 143          /*--  宋体12;  此字体下对应的点阵为：宽x高=8x16   --*/
 144          0x00,0x00,0x00,0x00,0xE0,0x00,0x00,0x00,0x00,0x01,0x01,0x01,0x0F,0x01,0x01,0x01,
 145          
 146          /*--  文字:  -  --*/
 147          /*--  宋体12;  此字体下对应的点阵为：宽x高=8x16   --*/
 148          0x00,0x00,0x00,0x00,0x00,0x00,0x00,0x00,0x00,0x01,0x01,0x01,0x01,0x01,0x01,0x00,
 149          
 150          /*--  文字:  *  --*/
 151          /*--  宋体12;  此字体下对应的点阵为：宽x高=8x16   --*/
 152          0x40,0x40,0x80,0xF0,0x80,0x40,0x40,0x00,0x02,0x02,0x01,0x0F,0x01,0x02,0x02,0x00,
 153          
 154          /*--  文字:  /  --*/
 155          /*--  宋体12;  此字体下对应的点阵为：宽x高=8x16   --*/
 156          0x00,0x00,0x00,0x00,0xC0,0x38,0x04,0x00,0x00,0x60,0x18,0x07,0x00,0x00,0x00,0x00,
 157          
 158          /*--  文字:  ：  --*/
 159          /*--  宋体12;  此字体下对应的点阵为：宽x高=8x16   --*/
 160          0x00,0x00,0x00,0x00,0x00,0x00,0x00,0x00,0x00,0x00,0x36,0x36,0x00,0x00,0x00,0x00,
 161          
 162          /*--  文字:  ？  --*/
 163          /*--  宋体12;  此字体下对应的点阵为：宽x高=8x16   --*/
 164          0x00,0x00,0x38,0x34,0x02,0x82,0xC2,0x7C,0x00,0x00,0x00,0x00,0x00,0x37,0x37,0x00,
 165          
 166          /*--  文字:  ~  --*/
 167          /*--  宋体12;  此字体下对应的点阵为：宽x高=8x16   --*/
 168          0x00,0x02,0x01,0x02,0x02,0x04,0x02,0x00,0x00,0x00,0x00,0x00,0x00,0x00,0x00,0x00,
 169          
 170          /*--  文字:  %  --*/
 171          /*--  宋体12;  此字体下对应的点阵为：宽x高=8x16   --*/
 172          0xF0,0x08,0xF0,0x80,0x60,0x18,0x00,0x00,0x00,0x31,0x0C,0x03,0x1E,0x21,0x1E,0x00,
 173          
 174          /*--  文字:  #  --*/
 175          /*--  宋体12;  此字体下对应的点阵为：宽x高=8x16   --*/
 176          0x00,0x40,0xC0,0x78,0x40,0xC0,0x78,0x00,0x00,0x04,0x3F,0x04,0x04,0x3F,0x04,0x00,
 177          
 178          /*--  文字:  <  --*/
C51 COMPILER V9.59.0.0   12864                                                             02/27/2023 11:27:36 PAGE 4   

 179          /*--  宋体12;  此字体下对应的点阵为：宽x高=8x16   --*/
 180          0x00,0x00,0x80,0x40,0x20,0x10,0x08,0x00,0x00,0x01,0x02,0x04,0x08,0x10,0x20,0x00,
 181          
 182          /*--  文字:  >  --*/
 183          /*--  宋体12;  此字体下对应的点阵为：宽x高=8x16   --*/
 184          0x00,0x08,0x10,0x20,0x40,0x80,0x00,0x00,0x00,0x20,0x10,0x08,0x04,0x02,0x01,0x00,
 185          };
 186          
 187          uchar code Zmk[]={
 188          /*--  文字:  A  --*/
 189          /*--  宋体12;  此字体下对应的点阵为：宽x高=8x16   --*/
 190          0x00,0x00,0xC0,0x38,0xE0,0x00,0x00,0x00,0x20,0x3C,0x23,0x02,0x02,0x27,0x38,0x20,
 191          
 192          /*--  文字:  B  --*/
 193          /*--  宋体12;  此字体下对应的点阵为：宽x高=8x16   --*/
 194          0x08,0xF8,0x88,0x88,0x88,0x70,0x00,0x00,0x20,0x3F,0x20,0x20,0x20,0x11,0x0E,0x00,
 195          
 196          /*--  文字:  C  --*/
 197          /*--  宋体12;  此字体下对应的点阵为：宽x高=8x16   --*/
 198          0xC0,0x30,0x08,0x08,0x08,0x08,0x38,0x00,0x07,0x18,0x20,0x20,0x20,0x10,0x08,0x00,
 199          
 200          /*--  文字:  D  --*/
 201          /*--  宋体12;  此字体下对应的点阵为：宽x高=8x16   --*/
 202          0x08,0xF8,0x08,0x08,0x08,0x10,0xE0,0x00,0x20,0x3F,0x20,0x20,0x20,0x10,0x0F,0x00,
 203          
 204          /*--  文字:  E  --*/
 205          /*--  宋体12;  此字体下对应的点阵为：宽x高=8x16   --*/
 206          0x08,0xF8,0x88,0x88,0xE8,0x08,0x10,0x00,0x20,0x3F,0x20,0x20,0x23,0x20,0x18,0x00,
 207          
 208          /*--  文字:  F  --*/
 209          /*--  宋体12;  此字体下对应的点阵为：宽x高=8x16   --*/
 210          0x08,0xF8,0x88,0x88,0xE8,0x08,0x10,0x00,0x20,0x3F,0x20,0x00,0x03,0x00,0x00,0x00,
 211          
 212          /*--  文字:  G  --*/
 213          /*--  宋体12;  此字体下对应的点阵为：宽x高=8x16   --*/
 214          0xC0,0x30,0x08,0x08,0x08,0x38,0x00,0x00,0x07,0x18,0x20,0x20,0x22,0x1E,0x02,0x00,
 215          
 216          /*--  文字:  H  --*/
 217          /*--  宋体12;  此字体下对应的点阵为：宽x高=8x16   --*/
 218          0x08,0xF8,0x08,0x00,0x00,0x08,0xF8,0x08,0x20,0x3F,0x21,0x01,0x01,0x21,0x3F,0x20,
 219          
 220          /*--  文字:  I  --*/
 221          /*--  宋体12;  此字体下对应的点阵为：宽x高=8x16   --*/
 222          0x00,0x08,0x08,0xF8,0x08,0x08,0x00,0x00,0x00,0x20,0x20,0x3F,0x20,0x20,0x00,0x00,
 223          
 224          /*--  文字:  J  --*/
 225          /*--  宋体12;  此字体下对应的点阵为：宽x高=8x16   --*/
 226          0x00,0x00,0x08,0x08,0xF8,0x08,0x08,0x00,0xC0,0x80,0x80,0x80,0x7F,0x00,0x00,0x00,
 227          
 228          /*--  文字:  K  --*/
 229          /*--  宋体12;  此字体下对应的点阵为：宽x高=8x16   --*/
 230          0x08,0xF8,0x88,0xC0,0x28,0x18,0x08,0x00,0x20,0x3F,0x20,0x01,0x26,0x38,0x20,0x00,
 231          
 232          /*--  文字:  L  --*/
 233          /*--  宋体12;  此字体下对应的点阵为：宽x高=8x16   --*/
 234          0x08,0xF8,0x08,0x00,0x00,0x00,0x00,0x00,0x20,0x3F,0x20,0x20,0x20,0x20,0x30,0x00,
 235          
 236          /*--  文字:  M  --*/
 237          /*--  宋体12;  此字体下对应的点阵为：宽x高=8x16   --*/
 238          0x08,0xF8,0xF8,0x00,0xF8,0xF8,0x08,0x00,0x20,0x3F,0x01,0x3E,0x01,0x3F,0x20,0x00,
 239          
 240          /*--  文字:  N  --*/
C51 COMPILER V9.59.0.0   12864                                                             02/27/2023 11:27:36 PAGE 5   

 241          /*--  宋体12;  此字体下对应的点阵为：宽x高=8x16   --*/
 242          0x08,0xF8,0x30,0xC0,0x00,0x08,0xF8,0x08,0x20,0x3F,0x20,0x00,0x07,0x18,0x3F,0x00,
 243          
 244          /*--  文字:  O  --*/
 245          /*--  宋体12;  此字体下对应的点阵为：宽x高=8x16   --*/
 246          0xE0,0x10,0x08,0x08,0x08,0x10,0xE0,0x00,0x0F,0x10,0x20,0x20,0x20,0x10,0x0F,0x00,
 247          
 248          /*--  文字:  P  --*/
 249          /*--  宋体12;  此字体下对应的点阵为：宽x高=8x16   --*/
 250          0x08,0xF8,0x08,0x08,0x08,0x08,0xF0,0x00,0x20,0x3F,0x21,0x01,0x01,0x01,0x00,0x00,
 251          
 252          /*--  文字:  Q  --*/
 253          /*--  宋体12;  此字体下对应的点阵为：宽x高=8x16   --*/
 254          0xE0,0x10,0x08,0x08,0x08,0x10,0xE0,0x00,0x0F,0x10,0x28,0x28,0x30,0x50,0x4F,0x00,
 255          
 256          /*--  文字:  R  --*/
 257          /*--  宋体12;  此字体下对应的点阵为：宽x高=8x16   --*/
 258          0x08,0xF8,0x88,0x88,0x88,0x88,0x70,0x00,0x20,0x3F,0x20,0x00,0x03,0x0C,0x30,0x20,
 259          
 260          /*--  文字:  S  --*/
 261          /*--  宋体12;  此字体下对应的点阵为：宽x高=8x16   --*/
 262          0x00,0x70,0x88,0x08,0x08,0x08,0x38,0x00,0x00,0x38,0x20,0x21,0x21,0x22,0x1C,0x00,
 263          
 264          /*--  文字:  T  --*/
 265          /*--  宋体12;  此字体下对应的点阵为：宽x高=8x16   --*/
 266          0x18,0x08,0x08,0xF8,0x08,0x08,0x18,0x00,0x00,0x00,0x20,0x3F,0x20,0x00,0x00,0x00,
 267          
 268          /*--  文字:  U  --*/
 269          /*--  宋体12;  此字体下对应的点阵为：宽x高=8x16   --*/
 270          0x08,0xF8,0x08,0x00,0x00,0x08,0xF8,0x08,0x00,0x1F,0x20,0x20,0x20,0x20,0x1F,0x00,
 271          
 272          /*--  文字:  V  --*/
 273          /*--  宋体12;  此字体下对应的点阵为：宽x高=8x16   --*/
 274          0x08,0x78,0x88,0x00,0x00,0xC8,0x38,0x08,0x00,0x00,0x07,0x38,0x0E,0x01,0x00,0x00,
 275          
 276          /*--  文字:  W  --*/
 277          /*--  宋体12;  此字体下对应的点阵为：宽x高=8x16   --*/
 278          0x08,0xF8,0x00,0xF8,0x00,0xF8,0x08,0x00,0x00,0x03,0x3E,0x01,0x3E,0x03,0x00,0x00,
 279          
 280          /*--  文字:  X  --*/
 281          /*--  宋体12;  此字体下对应的点阵为：宽x高=8x16   --*/
 282          0x08,0x18,0x68,0x80,0x80,0x68,0x18,0x08,0x20,0x30,0x2C,0x03,0x03,0x2C,0x30,0x20,
 283          
 284          /*--  文字:  Y  --*/
 285          /*--  宋体12;  此字体下对应的点阵为：宽x高=8x16   --*/
 286          0x08,0x38,0xC8,0x00,0xC8,0x38,0x08,0x00,0x00,0x00,0x20,0x3F,0x20,0x00,0x00,0x00,
 287          
 288          /*--  文字:  Z  --*/
 289          /*--  宋体12;  此字体下对应的点阵为：宽x高=8x16   --*/
 290          0x10,0x08,0x08,0x08,0xC8,0x38,0x08,0x00,0x20,0x38,0x26,0x21,0x20,0x20,0x18,0x00,
 291          
 292          /*--  文字:  a  --*/
 293          /*--  宋体12;  此字体下对应的点阵为：宽x高=8x16   --*/
 294          0x00,0x00,0x80,0x80,0x80,0x00,0x00,0x00,0x00,0x19,0x24,0x24,0x12,0x3F,0x20,0x00,
 295          
 296          /*--  文字:  b  --*/
 297          /*--  宋体12;  此字体下对应的点阵为：宽x高=8x16   --*/
 298          0x10,0xF0,0x00,0x80,0x80,0x00,0x00,0x00,0x00,0x3F,0x11,0x20,0x20,0x11,0x0E,0x00,
 299          
 300          /*--  文字:  c  --*/
 301          /*--  宋体12;  此字体下对应的点阵为：宽x高=8x16   --*/
 302          0x00,0x00,0x00,0x80,0x80,0x80,0x00,0x00,0x00,0x0E,0x11,0x20,0x20,0x20,0x11,0x00,
C51 COMPILER V9.59.0.0   12864                                                             02/27/2023 11:27:36 PAGE 6   

 303          
 304          /*--  文字:  d  --*/
 305          /*--  宋体12;  此字体下对应的点阵为：宽x高=8x16   --*/
 306          0x00,0x00,0x80,0x80,0x80,0x90,0xF0,0x00,0x00,0x1F,0x20,0x20,0x20,0x10,0x3F,0x20,
 307          
 308          /*--  文字:  e  --*/
 309          /*--  宋体12;  此字体下对应的点阵为：宽x高=8x16   --*/
 310          0x00,0x00,0x80,0x80,0x80,0x80,0x00,0x00,0x00,0x1F,0x24,0x24,0x24,0x24,0x17,0x00,
 311          
 312          /*--  文字:  f  --*/
 313          /*--  宋体12;  此字体下对应的点阵为：宽x高=8x16   --*/
 314          0x00,0x80,0x80,0xE0,0x90,0x90,0x20,0x00,0x00,0x20,0x20,0x3F,0x20,0x20,0x00,0x00,
 315          
 316          /*--  文字:  g  --*/
 317          /*--  宋体12;  此字体下对应的点阵为：宽x高=8x16   --*/
 318          0x00,0x00,0x80,0x80,0x80,0x80,0x80,0x00,0x00,0x6B,0x94,0x94,0x94,0x93,0x60,0x00,
 319          
 320          /*--  文字:  h  --*/
 321          /*--  宋体12;  此字体下对应的点阵为：宽x高=8x16   --*/
 322          0x10,0xF0,0x00,0x80,0x80,0x80,0x00,0x00,0x20,0x3F,0x21,0x00,0x00,0x20,0x3F,0x20,
 323          
 324          /*--  文字:  i  --*/
 325          /*--  宋体12;  此字体下对应的点阵为：宽x高=8x16   --*/
 326          0x00,0x80,0x98,0x98,0x00,0x00,0x00,0x00,0x00,0x20,0x20,0x3F,0x20,0x20,0x00,0x00,
 327          
 328          /*--  文字:  j  --*/
 329          /*--  宋体12;  此字体下对应的点阵为：宽x高=8x16   --*/
 330          0x00,0x00,0x00,0x80,0x98,0x98,0x00,0x00,0x00,0xC0,0x80,0x80,0x80,0x7F,0x00,0x00,
 331          
 332          /*--  文字:  k  --*/
 333          /*--  宋体12;  此字体下对应的点阵为：宽x高=8x16   --*/
 334          0x10,0xF0,0x00,0x00,0x80,0x80,0x80,0x00,0x20,0x3F,0x24,0x06,0x29,0x30,0x20,0x00,
 335          
 336          /*--  文字:  l  --*/
 337          /*--  宋体12;  此字体下对应的点阵为：宽x高=8x16   --*/
 338          0x00,0x10,0x10,0xF8,0x00,0x00,0x00,0x00,0x00,0x20,0x20,0x3F,0x20,0x20,0x00,0x00,
 339          
 340          /*--  文字:  m  --*/
 341          /*--  宋体12;  此字体下对应的点阵为：宽x高=8x16   --*/
 342          0x80,0x80,0x80,0x80,0x80,0x80,0x80,0x00,0x20,0x3F,0x20,0x00,0x3F,0x20,0x00,0x3F,
 343          
 344          /*--  文字:  n  --*/
 345          /*--  宋体12;  此字体下对应的点阵为：宽x高=8x16   --*/
 346          0x80,0x80,0x00,0x80,0x80,0x80,0x00,0x00,0x20,0x3F,0x21,0x00,0x00,0x20,0x3F,0x20,
 347          
 348          /*--  文字:  o  --*/
 349          /*--  宋体12;  此字体下对应的点阵为：宽x高=8x16   --*/
 350          0x00,0x00,0x80,0x80,0x80,0x80,0x00,0x00,0x00,0x1F,0x20,0x20,0x20,0x20,0x1F,0x00,
 351          
 352          /*--  文字:  p  --*/
 353          /*--  宋体12;  此字体下对应的点阵为：宽x高=8x16   --*/
 354          0x80,0x80,0x00,0x80,0x80,0x00,0x00,0x00,0x80,0xFF,0x91,0x20,0x20,0x11,0x0E,0x00,
 355          
 356          /*--  文字:  q  --*/
 357          /*--  宋体12;  此字体下对应的点阵为：宽x高=8x16   --*/
 358          0x00,0x00,0x00,0x80,0x80,0x00,0x80,0x00,0x00,0x0E,0x11,0x20,0x20,0x91,0xFF,0x80,
 359          
 360          /*--  文字:  r  --*/
 361          /*--  宋体12;  此字体下对应的点阵为：宽x高=8x16   --*/
 362          0x80,0x80,0x80,0x00,0x80,0x80,0x80,0x00,0x20,0x20,0x3F,0x21,0x20,0x00,0x01,0x00,
 363          
 364          /*--  文字:  s  --*/
C51 COMPILER V9.59.0.0   12864                                                             02/27/2023 11:27:36 PAGE 7   

 365          /*--  宋体12;  此字体下对应的点阵为：宽x高=8x16   --*/
 366          0x00,0x00,0x80,0x80,0x80,0x80,0x80,0x00,0x00,0x33,0x24,0x24,0x24,0x24,0x19,0x00,
 367          
 368          /*--  文字:  t  --*/
 369          /*--  宋体12;  此字体下对应的点阵为：宽x高=8x16   --*/
 370          0x00,0x80,0x80,0xE0,0x80,0x80,0x00,0x00,0x00,0x00,0x00,0x1F,0x20,0x20,0x10,0x00,
 371          
 372          /*--  文字:  u  --*/
 373          /*--  宋体12;  此字体下对应的点阵为：宽x高=8x16   --*/
 374          0x80,0x80,0x00,0x00,0x00,0x80,0x80,0x00,0x00,0x1F,0x20,0x20,0x20,0x10,0x3F,0x20,
 375          
 376          /*--  文字:  v  --*/
 377          /*--  宋体12;  此字体下对应的点阵为：宽x高=8x16   --*/
 378          0x80,0x80,0x80,0x00,0x80,0x80,0x80,0x00,0x00,0x03,0x0C,0x30,0x0C,0x03,0x00,0x00,
 379          
 380          /*--  文字:  w  --*/
 381          /*--  宋体12;  此字体下对应的点阵为：宽x高=8x16   --*/
 382          0x80,0x80,0x00,0x80,0x80,0x00,0x80,0x80,0x01,0x0E,0x30,0x0C,0x07,0x38,0x06,0x01,
 383          
 384          /*--  文字:  x  --*/
 385          /*--  宋体12;  此字体下对应的点阵为：宽x高=8x16   --*/
 386          0x00,0x80,0x80,0x80,0x00,0x80,0x80,0x00,0x00,0x20,0x31,0x0E,0x2E,0x31,0x20,0x00,
 387          
 388          /*--  文字:  y  --*/
 389          /*--  宋体12;  此字体下对应的点阵为：宽x高=8x16   --*/
 390          0x80,0x80,0x80,0x00,0x00,0x80,0x80,0x80,0x00,0x81,0x86,0x78,0x18,0x06,0x01,0x00,
 391          
 392          /*--  文字:  z  --*/
 393          /*--  宋体12;  此字体下对应的点阵为：宽x高=8x16   --*/
 394          0x00,0x80,0x80,0x80,0x80,0x80,0x80,0x00,0x00,0x21,0x30,0x2C,0x22,0x21,0x30,0x00,
 395          };
 396          /********************************************************************
 397          函数名称：CheckState
 398          功    能：状态检查，LCD判忙，RS=0写指令，RS=1写数据
 399          参    数：无
 400          返回值  ：无
 401          *********************************************************************/
 402          void CheckState(void)   
 403          {
 404   1         uchar dat; //状态信息，判忙
 405   1         RS=0;      //DB7∽DB0为显示指令数据 
 406   1         RW=1;      //数据被读到DB7∽DB0 
 407   1         do{
 408   2            DATA=0x00;
 409   2            EN=1; //EN下降沿
 410   2            dat=DATA;
 411   2            EN=0;
 412   2            dat=0x80 & dat; //DB7为0可操作
 413   2          }while(!(dat==0x00));
 414   1      }
 415          
 416          /********************************************************************
 417          函数名称：SendCommandToLCD
 418          功    能：写命令到LCD，RS=0写指令，RS=1写数据
 419          参    数：com 命令
 420          返回值  ：无
 421          *********************************************************************/
 422          void SendCommandToLCD(uchar com)
 423          {
 424   1         CheckState();//状态检查
 425   1         RS=0;        //向LCD发送命令
 426   1         RW=0;
C51 COMPILER V9.59.0.0   12864                                                             02/27/2023 11:27:36 PAGE 8   

 427   1         DATA=com;   
 428   1         EN=1;        //EN下降沿
 429   1         EN=0;
 430   1      }
 431          
 432          /********************************************************************
 433          函数名称：SetLine
 434          功    能：设置行（页）
 435          说    明：0xb8是页的首地址，1011 1xxx  设定页地址--xxx,8行=1页，共8页
 436          参    数：page，取值0-7
 437          返回值  ：无
 438          使用方法：必要时使用
 439          *********************************************************************/
 440          void SetLine(uchar page)  
 441          {
 442   1        page=0xb8|page; 
 443   1        SendCommandToLCD(page);
 444   1      }
 445          /********************************************************************
 446          函数名称：SetStartLine
 447          功    能：设置从哪行开始：0-63，一般从0 行开始显示
 448          说    明：0xc0是行的首地址
 449          参    数：startline，取值0-63
 450          返回值  ：无
 451          使用方法：必要时使用
 452          *********************************************************************/
 453          void SetStartLine(uchar startline)     
 454          {
 455   1        startline=0xc0|startline; 
 456   1        SendCommandToLCD(startline); 
 457   1      }
 458          /********************************************************************
 459          函数名称：SetColumn
 460          功    能：设置从哪列开始：0-63
 461          说    明：0x40是列的首地址，column最大值为63，越出在0-63间循环 
 462          参    数：column，取值0-63
 463          返回值  ：无
 464          *********************************************************************/
 465          void SetColumn(uchar column)  
 466          {
 467   1         column=column &0x3f; //只取低6位
 468   1         column= 0x40|column; //01xx xxxx
 469   1         SendCommandToLCD(column);
 470   1      }
 471          /********************************************************************
 472          函数名称：SetOnOff
 473          功    能：开关显示
 474          说    明：0x3f是开显示，0x3e是关显示 
 475          参    数：onoff：0-关、1-开
 476          返回值  ：无
 477          使用方法：必要时使用
 478          *********************************************************************/
 479          void SetOnOff(uchar onoff)     
 480          {
 481   1         onoff=0x3e|onoff; //0011 111x
 482   1         SendCommandToLCD(onoff);
 483   1      }
 484          /********************************************************************
 485          函数名称：WriteByte
 486          功    能：写显示数据，RS=0写指令，RS=1写数据，列地址自动加1
 487          参    数：dat：按字节显示数据
 488          返回值  ：无
C51 COMPILER V9.59.0.0   12864                                                             02/27/2023 11:27:36 PAGE 9   

 489          *********************************************************************/
 490          void WriteByte(uchar dat) 
 491          {
 492   1         CheckState();//状态检查
 493   1         RS=1; 
 494   1         RW=0;
 495   1         DATA=dat;
 496   1         EN=1; //EN下降沿
 497   1         EN=0;
 498   1      }
 499          /********************************************************************
 500          函数名称：SelectScreen
 501          功    能：选择屏幕
 502          参    数：screen: 0-全屏,1-左屏,2-右屏
 503          返回值  ：无
 504          使用方法：初始化3或必要时使用
 505          *********************************************************************/
 506          void SelectScreen(uchar screen)   
 507          {
 508   1        switch(screen)
 509   1        {
 510   2          case 0: cs1=0;cs2=0;break; //全屏
 511   2          case 2: cs1=1;cs2=0;break;//左屏    
 512   2          case 1: cs1=0;cs2=1; break;//右屏   
 513   2        }
 514   1      }
 515          /********************************************************************
 516          函数名称：ClearScreen
 517          功    能：清屏
 518          参    数：screen: 0-全屏,1-左屏,2-右屏
 519          返回值  ：无
 520          使用方法：初始化2或必要时使用
 521          *********************************************************************/
 522          void ClearScreen(uchar screen)    
 523          {
 524   1         uchar i,j;
 525   1         SelectScreen(screen);
 526   1         for(i=0;i<8;i++)     //页
 527   1         {
 528   2           SetLine(i);
 529   2           SetColumn(0);
 530   2           for(j=0;j<64;j++)  //列
 531   2           {WriteByte(0x00);} //写
 532   2         }
 533   1      }
 534          
 535          /********************************************************************
 536          函数名称：InitLCD
 537          功    能：初始化LCD
 538          参    数：无
 539          返回值  ：无
 540          使用方法：初始化1
 541          *********************************************************************/
 542          void InitLCD()    
 543          {
 544   1         CheckState();//状态检查
 545   1         SelectScreen(0);
 546   1         SetOnOff(0); //关显示
 547   1         SelectScreen(0);
 548   1         SetOnOff(1); //开显示
 549   1         SelectScreen(0);
 550   1         ClearScreen(0);//清屏
C51 COMPILER V9.59.0.0   12864                                                             02/27/2023 11:27:36 PAGE 10  

 551   1         SetStartLine(0); //开始行:0
 552   1      }
 553          /********************************************************************
 554          函数名称：Display_HZ
 555          功    能：显示全角汉字
 556          参    数：screen-选择屏幕: 0-全屏,1-左屏,2-右屏
 557                    page-选页参数，每次写一页(8行)，一个汉字占两页
 558                    column-选列参数
 559                    number-汉字库Hzk[]中的第几汉字输出
 560          说    明：宋体、字号12时汉字对应的点阵为：宽x高=16x16,先行再列
 561          返回值  ：无
 562          *********************************************************************/
 563          void Display_HZ(uchar screen,uchar page,uchar column,uchar number)
 564          {
 565   1         int i; 
 566   1         SelectScreen(screen);
 567   1         column=column&0x3f;//0011 1111
 568   1         SetLine(page); //写第一页
 569   1         SetColumn(column); //控制列
 570   1         for(i=0;i<16;i++)  //控制16列的数据输出
 571   1         {
 572   2            WriteByte(Hzk[i+32*number]);
 573   2         } //i+32*number汉字的前16个数据输出
 574   1         SetLine(page+1);    //写第二页
 575   1         SetColumn(column);    //控制列
 576   1         for(i=0;i<16;i++)    //控制16列的数据输出
 577   1         {
 578   2            WriteByte(Hzk[i+32*number+16]);
 579   2         }//i+32*number+16汉字的后16个数据输出
 580   1      } 
 581          /********************************************************************
 582          函数名称：Display_ZM
 583          功    能：显示字母
 584          参    数：screen-选择屏幕: 0-全屏,1-左屏,2-右屏
 585                    page-选页参数，每次写一页(8行)，一个字母占两页
 586                    column-选列参数
 587                    number-字母库Zmk[]中的第几字母输出
 588          说    明：宋体、字号12时字母对应的点阵为：宽x高=8x16
 589          返回值  ：无
 590          *********************************************************************/
 591          void Display_ZM(uchar screen,uchar page,uchar column,uchar number)
 592          {
 593   1         int i; 
 594   1         SelectScreen(screen);
 595   1         column=column&0x3f;//0011 1111
 596   1         SetLine(page); //写上半页
 597   1         SetColumn(column); //控制列
 598   1         for(i=0;i<8;i++)  //控制8列的数据输出
 599   1         {
 600   2            WriteByte(Zmk[i+16*number]);
 601   2         } //i+16*number的前8个数据输出
 602   1         SetLine(page+1);    //写下半页
 603   1         SetColumn(column);    //控制列
 604   1         for(i=0;i<8;i++)   //控制8列的数据输出
 605   1         {
 606   2            WriteByte(Zmk[i+16*number+8]);
 607   2         }//i+16*number+8字母的后8个数据输出
 608   1      }
 609          /********************************************************************
 610          函数名称：DisplaySZ
 611          功    能：显示数字
 612          参    数：screen-选择屏幕: 0-全屏,1-左屏,2-右屏
C51 COMPILER V9.59.0.0   12864                                                             02/27/2023 11:27:36 PAGE 11  

 613                    page-选页参数，每次写一页(8行)，一个数字占两页
 614                    column-选列参数
 615                    number-数字库Szk[]中的第几数字输出
 616          说    明：宋体、字号12时数字对应的点阵为：宽x高=8x16
 617          返回值  ：无
 618          *********************************************************************/
 619          void Display_SZ(uchar screen,uchar page,uchar column,uchar number)
 620          {
 621   1         int i; 
 622   1         SelectScreen(screen);
 623   1         column=column&0x3f;//0011 1111
 624   1         SetLine(page); //写上半页
 625   1         SetColumn(column); //控制列
 626   1         for(i=0;i<8;i++)  //控制8列的数据输出
 627   1         {
 628   2            WriteByte(Szk[i+16*number]);
 629   2         } //i+16*number的前8个数据输出
 630   1         SetLine(page+1);    //写下半页
 631   1         SetColumn(column);    //控制列
 632   1         for(i=0;i<8;i++)   //控制8列的数据输出
 633   1         {
 634   2            WriteByte(Szk[i+16*number+8]);
 635   2         }//i+16*number+8数字的后8个数据输出
 636   1      }
 637          /********************************************************************
 638          函数名称：DisplayFH
 639          功    能：显示符号
 640          参    数：screen-选择屏幕: 0-全屏,1-左屏,2-右屏
 641                    page-选页参数，每次写一页(8行)，一个符号占两页
 642                    column-选列参数
 643                    number-符号库Fhk[]中的第几符号输出
 644          说    明：宋体、字号12时符号对应的点阵为：宽x高=8x16
 645          返回值  ：无
 646          *********************************************************************/
 647          void Display_FH(uchar screen,uchar page,uchar column,uchar number)
 648          {
 649   1         int i; 
 650   1         SelectScreen(screen);
 651   1         column=column&0x3f;//0011 1111
 652   1         SetLine(page); //写上半页
 653   1         SetColumn(column); //控制列
 654   1         for(i=0;i<8;i++)  //控制8列的数据输出
 655   1         {
 656   2            WriteByte(Fhk[i+16*number]);
 657   2         } //i+16*number的前8个数据输出
 658   1         SetLine(page+1);    //写下半页
 659   1         SetColumn(column);    //控制列
 660   1         for(i=0;i<8;i++)   //控制8列的数据输出
 661   1         {
 662   2            WriteByte(Fhk[i+16*number+8]);
 663   2         }//i+16*number+8符号的后8个数据输出
 664   1      }


MODULE INFORMATION:   STATIC OVERLAYABLE
   CODE SIZE        =    581    ----
   CONSTANT SIZE    =   1728    ----
   XDATA SIZE       =   ----    ----
   PDATA SIZE       =   ----    ----
   DATA SIZE        =   ----      16
   IDATA SIZE       =   ----    ----
   BIT SIZE         =   ----    ----
C51 COMPILER V9.59.0.0   12864                                                             02/27/2023 11:27:36 PAGE 12  

END OF MODULE INFORMATION.


C51 COMPILATION COMPLETE.  0 WARNING(S),  0 ERROR(S)
